<?xml version="1.0" encoding="utf-8"?>
<TestRun id="6bc3fce0-5fbb-446b-a645-3c9e73d82b21" name="flavia.almeida@BRRIOWN009185 2019-11-04 21:07:12" runUser="STONE\flavia.almeida" xmlns="http://microsoft.com/schemas/VisualStudio/TeamTest/2010">
  <Times creation="2019-11-04T21:07:12.9334457-03:00" queuing="2019-11-04T21:07:12.9334486-03:00" start="2019-11-04T21:07:09.3394207-03:00" finish="2019-11-04T21:07:12.9937022-03:00" />
  <TestSettings name="default" id="1f16749c-1a50-4ff9-8ebe-c9be198333ed">
    <Deployment runDeploymentRoot="flavia.almeida_BRRIOWN009185_2019-11-04_21_07_12" />
  </TestSettings>
  <Results>
    <UnitTestResult executionId="ca38e509-3d8b-47a0-8576-5fa5a77d84cb" testId="93f99a1e-7b67-d021-a2aa-6d6d0a3eb532" testName="Alura.LeilaoOnline.XUnit.Testes.LeilaoRecebeOferta.NaoPermiteNovosLancesDadoLeilaoFinalizado(qtdeEsperada: 4, ofertas: [1000, 1200, 1400, 1300])" computerName="BRRIOWN009185" duration="00:00:00.0260000" startTime="2019-11-04T21:07:12.7114882-03:00" endTime="2019-11-04T21:07:12.7114886-03:00" testType="13cdc9d9-ddb5-4fa4-a97d-d965ccfc6d4b" outcome="Passed" testListId="8c84fa94-04c1-424b-9868-57a2d4851a1d" relativeResultsDirectory="ca38e509-3d8b-47a0-8576-5fa5a77d84cb" />
    <UnitTestResult executionId="6a03e44b-12ed-4581-8b69-1e9beedf0f21" testId="1fd48c59-b90d-fccd-5743-9991a5759e6c" testName="Alura.LeilaoOnline.XUnit.Testes.LeilaoTerminaPregao.RetornaSuperiorMaiorMaisProximo(valorDestino: 1200, valorEsperado: 1250, ofertas: [800, 900, 1400, 1250])" computerName="BRRIOWN009185" duration="00:00:00.0090000" startTime="2019-11-04T21:07:12.7168420-03:00" endTime="2019-11-04T21:07:12.7168422-03:00" testType="13cdc9d9-ddb5-4fa4-a97d-d965ccfc6d4b" outcome="Passed" testListId="8c84fa94-04c1-424b-9868-57a2d4851a1d" relativeResultsDirectory="6a03e44b-12ed-4581-8b69-1e9beedf0f21" />
    <UnitTestResult executionId="2bbc1663-60da-4b9a-8524-ab7d6c93ca76" testId="ea15b92a-5f46-cb14-aefc-e59b4704e5ef" testName="Alura.LeilaoOnline.XUnit.Testes.LeilaoRecebeOferta.NaoPermiteNovosLancesDadoLeilaoFinalizado(qtdeEsperada: 2, ofertas: [800, 900])" computerName="BRRIOWN009185" duration="00:00:00.0010000" startTime="2019-11-04T21:07:12.7166443-03:00" endTime="2019-11-04T21:07:12.7166448-03:00" testType="13cdc9d9-ddb5-4fa4-a97d-d965ccfc6d4b" outcome="Passed" testListId="8c84fa94-04c1-424b-9868-57a2d4851a1d" relativeResultsDirectory="2bbc1663-60da-4b9a-8524-ab7d6c93ca76" />
    <UnitTestResult executionId="787813e4-db51-46ae-9474-a285b981855a" testId="0cc98cd3-309f-c37a-2ba0-2a1bab00dde6" testName="Alura.LeilaoOnline.XUnit.Testes.LeilaoRecebeOferta.NaoAceitaLancesConsecutivosDoMesmoCliente" computerName="BRRIOWN009185" duration="00:00:00.0010000" startTime="2019-11-04T21:07:12.7167650-03:00" endTime="2019-11-04T21:07:12.7167651-03:00" testType="13cdc9d9-ddb5-4fa4-a97d-d965ccfc6d4b" outcome="Passed" testListId="8c84fa94-04c1-424b-9868-57a2d4851a1d" relativeResultsDirectory="787813e4-db51-46ae-9474-a285b981855a" />
    <UnitTestResult executionId="998339df-d43d-4cdf-a47a-f5c45d6da72f" testId="363168c8-9de4-26a2-7530-f0cce82fe200" testName="Alura.LeilaoOnline.XUnit.Testes.LeilaoTerminaPregao.RetornaMaiorValorDadoLeilaoComPeloMenosUmLance(valorEsperado: 1200, ofertas: [800, 900, 1000, 1200])" computerName="BRRIOWN009185" duration="00:00:00.0010000" startTime="2019-11-04T21:07:12.7169204-03:00" endTime="2019-11-04T21:07:12.7169205-03:00" testType="13cdc9d9-ddb5-4fa4-a97d-d965ccfc6d4b" outcome="Passed" testListId="8c84fa94-04c1-424b-9868-57a2d4851a1d" relativeResultsDirectory="998339df-d43d-4cdf-a47a-f5c45d6da72f" />
    <UnitTestResult executionId="c272e62b-eb65-47da-bfaf-b32461901bcf" testId="a019cf77-f8a2-111f-e2ba-9e16132b2da4" testName="Alura.LeilaoOnline.XUnit.Testes.LeilaoTerminaPregao.RetornaZeroDadoLeilaoSemLances" computerName="BRRIOWN009185" duration="00:00:00.0010000" startTime="2019-11-04T21:07:12.7446370-03:00" endTime="2019-11-04T21:07:12.7446373-03:00" testType="13cdc9d9-ddb5-4fa4-a97d-d965ccfc6d4b" outcome="Passed" testListId="8c84fa94-04c1-424b-9868-57a2d4851a1d" relativeResultsDirectory="c272e62b-eb65-47da-bfaf-b32461901bcf" />
    <UnitTestResult executionId="8e18075d-1ca6-499d-9615-35aae6fe3c76" testId="c717cb25-d5ee-97d4-8190-c5ac153f488b" testName="Alura.LeilaoOnline.XUnit.Testes.LeilaoTerminaPregao.RetornaMaiorValorDadoLeilaoComPeloMenosUmLance(valorEsperado: 800, ofertas: [800])" computerName="BRRIOWN009185" duration="00:00:00.0010000" startTime="2019-11-04T21:07:12.7170678-03:00" endTime="2019-11-04T21:07:12.7170679-03:00" testType="13cdc9d9-ddb5-4fa4-a97d-d965ccfc6d4b" outcome="Passed" testListId="8c84fa94-04c1-424b-9868-57a2d4851a1d" relativeResultsDirectory="8e18075d-1ca6-499d-9615-35aae6fe3c76" />
    <UnitTestResult executionId="7a93f1bf-2ad9-4111-8892-c4c7ffe5ce90" testId="1537c25b-806e-d4df-fe6a-d610634a402a" testName="Alura.LeilaoOnline.XUnit.Testes.LanceConstructor.LancarArgumentExceptionDadoValorNegativo" computerName="BRRIOWN009185" duration="00:00:00.0210000" startTime="2019-11-04T21:07:12.7084056-03:00" endTime="2019-11-04T21:07:12.7084059-03:00" testType="13cdc9d9-ddb5-4fa4-a97d-d965ccfc6d4b" outcome="Passed" testListId="8c84fa94-04c1-424b-9868-57a2d4851a1d" relativeResultsDirectory="7a93f1bf-2ad9-4111-8892-c4c7ffe5ce90" />
    <UnitTestResult executionId="f12f89e5-7441-476d-8584-445e771cfe44" testId="3c08accd-6d17-51a5-a024-4a1528e692f4" testName="Alura.LeilaoOnline.XUnit.Testes.LeilaoTerminaPregao.LancaInvalidOperationExceptionDadoPregaoNaoInciado" computerName="BRRIOWN009185" duration="00:00:00.0240000" startTime="2019-11-04T21:07:12.6861295-03:00" endTime="2019-11-04T21:07:12.6861379-03:00" testType="13cdc9d9-ddb5-4fa4-a97d-d965ccfc6d4b" outcome="Passed" testListId="8c84fa94-04c1-424b-9868-57a2d4851a1d" relativeResultsDirectory="f12f89e5-7441-476d-8584-445e771cfe44" />
    <UnitTestResult executionId="d00007cc-cba2-4a8c-b965-4b52704e420c" testId="b29a1cc9-3b05-200f-9f25-428443bd3ca1" testName="Alura.LeilaoOnline.XUnit.Testes.LeilaoTerminaPregao.RetornaMaiorValorDadoLeilaoComPeloMenosUmLance(valorEsperado: 1000, ofertas: [800, 900, 1000, 990])" computerName="BRRIOWN009185" duration="00:00:00.0010000" startTime="2019-11-04T21:07:12.7170045-03:00" endTime="2019-11-04T21:07:12.7170046-03:00" testType="13cdc9d9-ddb5-4fa4-a97d-d965ccfc6d4b" outcome="Passed" testListId="8c84fa94-04c1-424b-9868-57a2d4851a1d" relativeResultsDirectory="d00007cc-cba2-4a8c-b965-4b52704e420c" />
  </Results>
  <TestDefinitions>
    <UnitTest name="Alura.LeilaoOnline.XUnit.Testes.LeilaoRecebeOferta.NaoAceitaLancesConsecutivosDoMesmoCliente" storage="c:\users\flavia.almeida\source\repos\leilaoonlinecoverage\alura.leilaoonline.xunit.testes\bin\debug\netcoreapp2.1\alura.leilaoonline.xunit.testes.dll" id="0cc98cd3-309f-c37a-2ba0-2a1bab00dde6">
      <Execution id="787813e4-db51-46ae-9474-a285b981855a" />
      <TestMethod codeBase="C:\Users\flavia.almeida\source\repos\LeilaoOnlineCoverage\Alura.LeilaoOnline.XUnit.Testes\bin\Debug\netcoreapp2.1\Alura.LeilaoOnline.XUnit.Testes.dll" adapterTypeName="executor://xunit/VsTestRunner2/netcoreapp" className="Alura.LeilaoOnline.XUnit.Testes.LeilaoRecebeOferta" name="Alura.LeilaoOnline.XUnit.Testes.LeilaoRecebeOferta.NaoAceitaLancesConsecutivosDoMesmoCliente" />
    </UnitTest>
    <UnitTest name="Alura.LeilaoOnline.XUnit.Testes.LeilaoTerminaPregao.LancaInvalidOperationExceptionDadoPregaoNaoInciado" storage="c:\users\flavia.almeida\source\repos\leilaoonlinecoverage\alura.leilaoonline.xunit.testes\bin\debug\netcoreapp2.1\alura.leilaoonline.xunit.testes.dll" id="3c08accd-6d17-51a5-a024-4a1528e692f4">
      <Execution id="f12f89e5-7441-476d-8584-445e771cfe44" />
      <TestMethod codeBase="C:\Users\flavia.almeida\source\repos\LeilaoOnlineCoverage\Alura.LeilaoOnline.XUnit.Testes\bin\Debug\netcoreapp2.1\Alura.LeilaoOnline.XUnit.Testes.dll" adapterTypeName="executor://xunit/VsTestRunner2/netcoreapp" className="Alura.LeilaoOnline.XUnit.Testes.LeilaoTerminaPregao" name="Alura.LeilaoOnline.XUnit.Testes.LeilaoTerminaPregao.LancaInvalidOperationExceptionDadoPregaoNaoInciado" />
    </UnitTest>
    <UnitTest name="Alura.LeilaoOnline.XUnit.Testes.LeilaoTerminaPregao.RetornaMaiorValorDadoLeilaoComPeloMenosUmLance(valorEsperado: 800, ofertas: [800])" storage="c:\users\flavia.almeida\source\repos\leilaoonlinecoverage\alura.leilaoonline.xunit.testes\bin\debug\netcoreapp2.1\alura.leilaoonline.xunit.testes.dll" id="c717cb25-d5ee-97d4-8190-c5ac153f488b">
      <Execution id="8e18075d-1ca6-499d-9615-35aae6fe3c76" />
      <TestMethod codeBase="C:\Users\flavia.almeida\source\repos\LeilaoOnlineCoverage\Alura.LeilaoOnline.XUnit.Testes\bin\Debug\netcoreapp2.1\Alura.LeilaoOnline.XUnit.Testes.dll" adapterTypeName="executor://xunit/VsTestRunner2/netcoreapp" className="Alura.LeilaoOnline.XUnit.Testes.LeilaoTerminaPregao" name="Alura.LeilaoOnline.XUnit.Testes.LeilaoTerminaPregao.RetornaMaiorValorDadoLeilaoComPeloMenosUmLance(valorEsperado: 800, ofertas: [800])" />
    </UnitTest>
    <UnitTest name="Alura.LeilaoOnline.XUnit.Testes.LeilaoTerminaPregao.RetornaZeroDadoLeilaoSemLances" storage="c:\users\flavia.almeida\source\repos\leilaoonlinecoverage\alura.leilaoonline.xunit.testes\bin\debug\netcoreapp2.1\alura.leilaoonline.xunit.testes.dll" id="a019cf77-f8a2-111f-e2ba-9e16132b2da4">
      <Execution id="c272e62b-eb65-47da-bfaf-b32461901bcf" />
      <TestMethod codeBase="C:\Users\flavia.almeida\source\repos\LeilaoOnlineCoverage\Alura.LeilaoOnline.XUnit.Testes\bin\Debug\netcoreapp2.1\Alura.LeilaoOnline.XUnit.Testes.dll" adapterTypeName="executor://xunit/VsTestRunner2/netcoreapp" className="Alura.LeilaoOnline.XUnit.Testes.LeilaoTerminaPregao" name="Alura.LeilaoOnline.XUnit.Testes.LeilaoTerminaPregao.RetornaZeroDadoLeilaoSemLances" />
    </UnitTest>
    <UnitTest name="Alura.LeilaoOnline.XUnit.Testes.LanceConstructor.LancarArgumentExceptionDadoValorNegativo" storage="c:\users\flavia.almeida\source\repos\leilaoonlinecoverage\alura.leilaoonline.xunit.testes\bin\debug\netcoreapp2.1\alura.leilaoonline.xunit.testes.dll" id="1537c25b-806e-d4df-fe6a-d610634a402a">
      <Execution id="7a93f1bf-2ad9-4111-8892-c4c7ffe5ce90" />
      <TestMethod codeBase="C:\Users\flavia.almeida\source\repos\LeilaoOnlineCoverage\Alura.LeilaoOnline.XUnit.Testes\bin\Debug\netcoreapp2.1\Alura.LeilaoOnline.XUnit.Testes.dll" adapterTypeName="executor://xunit/VsTestRunner2/netcoreapp" className="Alura.LeilaoOnline.XUnit.Testes.LanceConstructor" name="Alura.LeilaoOnline.XUnit.Testes.LanceConstructor.LancarArgumentExceptionDadoValorNegativo" />
    </UnitTest>
    <UnitTest name="Alura.LeilaoOnline.XUnit.Testes.LeilaoTerminaPregao.RetornaMaiorValorDadoLeilaoComPeloMenosUmLance(valorEsperado: 1000, ofertas: [800, 900, 1000, 990])" storage="c:\users\flavia.almeida\source\repos\leilaoonlinecoverage\alura.leilaoonline.xunit.testes\bin\debug\netcoreapp2.1\alura.leilaoonline.xunit.testes.dll" id="b29a1cc9-3b05-200f-9f25-428443bd3ca1">
      <Execution id="d00007cc-cba2-4a8c-b965-4b52704e420c" />
      <TestMethod codeBase="C:\Users\flavia.almeida\source\repos\LeilaoOnlineCoverage\Alura.LeilaoOnline.XUnit.Testes\bin\Debug\netcoreapp2.1\Alura.LeilaoOnline.XUnit.Testes.dll" adapterTypeName="executor://xunit/VsTestRunner2/netcoreapp" className="Alura.LeilaoOnline.XUnit.Testes.LeilaoTerminaPregao" name="Alura.LeilaoOnline.XUnit.Testes.LeilaoTerminaPregao.RetornaMaiorValorDadoLeilaoComPeloMenosUmLance(valorEsperado: 1000, ofertas: [800, 900, 1000, 990])" />
    </UnitTest>
    <UnitTest name="Alura.LeilaoOnline.XUnit.Testes.LeilaoRecebeOferta.NaoPermiteNovosLancesDadoLeilaoFinalizado(qtdeEsperada: 4, ofertas: [1000, 1200, 1400, 1300])" storage="c:\users\flavia.almeida\source\repos\leilaoonlinecoverage\alura.leilaoonline.xunit.testes\bin\debug\netcoreapp2.1\alura.leilaoonline.xunit.testes.dll" id="93f99a1e-7b67-d021-a2aa-6d6d0a3eb532">
      <Execution id="ca38e509-3d8b-47a0-8576-5fa5a77d84cb" />
      <TestMethod codeBase="C:\Users\flavia.almeida\source\repos\LeilaoOnlineCoverage\Alura.LeilaoOnline.XUnit.Testes\bin\Debug\netcoreapp2.1\Alura.LeilaoOnline.XUnit.Testes.dll" adapterTypeName="executor://xunit/VsTestRunner2/netcoreapp" className="Alura.LeilaoOnline.XUnit.Testes.LeilaoRecebeOferta" name="Alura.LeilaoOnline.XUnit.Testes.LeilaoRecebeOferta.NaoPermiteNovosLancesDadoLeilaoFinalizado(qtdeEsperada: 4, ofertas: [1000, 1200, 1400, 1300])" />
    </UnitTest>
    <UnitTest name="Alura.LeilaoOnline.XUnit.Testes.LeilaoTerminaPregao.RetornaSuperiorMaiorMaisProximo(valorDestino: 1200, valorEsperado: 1250, ofertas: [800, 900, 1400, 1250])" storage="c:\users\flavia.almeida\source\repos\leilaoonlinecoverage\alura.leilaoonline.xunit.testes\bin\debug\netcoreapp2.1\alura.leilaoonline.xunit.testes.dll" id="1fd48c59-b90d-fccd-5743-9991a5759e6c">
      <Execution id="6a03e44b-12ed-4581-8b69-1e9beedf0f21" />
      <TestMethod codeBase="C:\Users\flavia.almeida\source\repos\LeilaoOnlineCoverage\Alura.LeilaoOnline.XUnit.Testes\bin\Debug\netcoreapp2.1\Alura.LeilaoOnline.XUnit.Testes.dll" adapterTypeName="executor://xunit/VsTestRunner2/netcoreapp" className="Alura.LeilaoOnline.XUnit.Testes.LeilaoTerminaPregao" name="Alura.LeilaoOnline.XUnit.Testes.LeilaoTerminaPregao.RetornaSuperiorMaiorMaisProximo(valorDestino: 1200, valorEsperado: 1250, ofertas: [800, 900, 1400, 1250])" />
    </UnitTest>
    <UnitTest name="Alura.LeilaoOnline.XUnit.Testes.LeilaoTerminaPregao.RetornaMaiorValorDadoLeilaoComPeloMenosUmLance(valorEsperado: 1200, ofertas: [800, 900, 1000, 1200])" storage="c:\users\flavia.almeida\source\repos\leilaoonlinecoverage\alura.leilaoonline.xunit.testes\bin\debug\netcoreapp2.1\alura.leilaoonline.xunit.testes.dll" id="363168c8-9de4-26a2-7530-f0cce82fe200">
      <Execution id="998339df-d43d-4cdf-a47a-f5c45d6da72f" />
      <TestMethod codeBase="C:\Users\flavia.almeida\source\repos\LeilaoOnlineCoverage\Alura.LeilaoOnline.XUnit.Testes\bin\Debug\netcoreapp2.1\Alura.LeilaoOnline.XUnit.Testes.dll" adapterTypeName="executor://xunit/VsTestRunner2/netcoreapp" className="Alura.LeilaoOnline.XUnit.Testes.LeilaoTerminaPregao" name="Alura.LeilaoOnline.XUnit.Testes.LeilaoTerminaPregao.RetornaMaiorValorDadoLeilaoComPeloMenosUmLance(valorEsperado: 1200, ofertas: [800, 900, 1000, 1200])" />
    </UnitTest>
    <UnitTest name="Alura.LeilaoOnline.XUnit.Testes.LeilaoRecebeOferta.NaoPermiteNovosLancesDadoLeilaoFinalizado(qtdeEsperada: 2, ofertas: [800, 900])" storage="c:\users\flavia.almeida\source\repos\leilaoonlinecoverage\alura.leilaoonline.xunit.testes\bin\debug\netcoreapp2.1\alura.leilaoonline.xunit.testes.dll" id="ea15b92a-5f46-cb14-aefc-e59b4704e5ef">
      <Execution id="2bbc1663-60da-4b9a-8524-ab7d6c93ca76" />
      <TestMethod codeBase="C:\Users\flavia.almeida\source\repos\LeilaoOnlineCoverage\Alura.LeilaoOnline.XUnit.Testes\bin\Debug\netcoreapp2.1\Alura.LeilaoOnline.XUnit.Testes.dll" adapterTypeName="executor://xunit/VsTestRunner2/netcoreapp" className="Alura.LeilaoOnline.XUnit.Testes.LeilaoRecebeOferta" name="Alura.LeilaoOnline.XUnit.Testes.LeilaoRecebeOferta.NaoPermiteNovosLancesDadoLeilaoFinalizado(qtdeEsperada: 2, ofertas: [800, 900])" />
    </UnitTest>
  </TestDefinitions>
  <TestEntries>
    <TestEntry testId="93f99a1e-7b67-d021-a2aa-6d6d0a3eb532" executionId="ca38e509-3d8b-47a0-8576-5fa5a77d84cb" testListId="8c84fa94-04c1-424b-9868-57a2d4851a1d" />
    <TestEntry testId="1fd48c59-b90d-fccd-5743-9991a5759e6c" executionId="6a03e44b-12ed-4581-8b69-1e9beedf0f21" testListId="8c84fa94-04c1-424b-9868-57a2d4851a1d" />
    <TestEntry testId="ea15b92a-5f46-cb14-aefc-e59b4704e5ef" executionId="2bbc1663-60da-4b9a-8524-ab7d6c93ca76" testListId="8c84fa94-04c1-424b-9868-57a2d4851a1d" />
    <TestEntry testId="0cc98cd3-309f-c37a-2ba0-2a1bab00dde6" executionId="787813e4-db51-46ae-9474-a285b981855a" testListId="8c84fa94-04c1-424b-9868-57a2d4851a1d" />
    <TestEntry testId="363168c8-9de4-26a2-7530-f0cce82fe200" executionId="998339df-d43d-4cdf-a47a-f5c45d6da72f" testListId="8c84fa94-04c1-424b-9868-57a2d4851a1d" />
    <TestEntry testId="a019cf77-f8a2-111f-e2ba-9e16132b2da4" executionId="c272e62b-eb65-47da-bfaf-b32461901bcf" testListId="8c84fa94-04c1-424b-9868-57a2d4851a1d" />
    <TestEntry testId="c717cb25-d5ee-97d4-8190-c5ac153f488b" executionId="8e18075d-1ca6-499d-9615-35aae6fe3c76" testListId="8c84fa94-04c1-424b-9868-57a2d4851a1d" />
    <TestEntry testId="1537c25b-806e-d4df-fe6a-d610634a402a" executionId="7a93f1bf-2ad9-4111-8892-c4c7ffe5ce90" testListId="8c84fa94-04c1-424b-9868-57a2d4851a1d" />
    <TestEntry testId="3c08accd-6d17-51a5-a024-4a1528e692f4" executionId="f12f89e5-7441-476d-8584-445e771cfe44" testListId="8c84fa94-04c1-424b-9868-57a2d4851a1d" />
    <TestEntry testId="b29a1cc9-3b05-200f-9f25-428443bd3ca1" executionId="d00007cc-cba2-4a8c-b965-4b52704e420c" testListId="8c84fa94-04c1-424b-9868-57a2d4851a1d" />
  </TestEntries>
  <TestLists>
    <TestList name="Results Not in a List" id="8c84fa94-04c1-424b-9868-57a2d4851a1d" />
    <TestList name="All Loaded Results" id="19431567-8539-422a-85d7-44ee4e166bda" />
  </TestLists>
  <ResultSummary outcome="Completed">
    <Counters total="10" executed="10" passed="10" failed="0" error="0" timeout="0" aborted="0" inconclusive="0" passedButRunAborted="0" notRunnable="0" notExecuted="0" disconnected="0" warning="0" completed="0" inProgress="0" pending="0" />
    <Output>
      <StdOut>[xUnit.net 00:00:00.00] xUnit.net VSTest Adapter v2.4.0 (64-bit .NET Core 4.6.28008.01)&#xD;
[xUnit.net 00:00:01.19]   Discovering: Alura.LeilaoOnline.XUnit.Testes&#xD;
[xUnit.net 00:00:01.35]   Discovered:  Alura.LeilaoOnline.XUnit.Testes&#xD;
[xUnit.net 00:00:01.36]   Starting:    Alura.LeilaoOnline.XUnit.Testes&#xD;
[xUnit.net 00:00:01.71]   Finished:    Alura.LeilaoOnline.XUnit.Testes&#xD;
</StdOut>
    </Output>
  </ResultSummary>
</TestRun>